// Jest Snapshot v1, https://goo.gl/fbAQLP

exports[`babel plugin fs creates and writes to the css file when it does not exist 1`] = `
"/* do not edit this file */
.class-wf93qd { margin: 12px 48px;
    color: #ffffff;
    height: var(--class-wf93qd-0);
    display: -webkit-box;
    display: -moz-box;
    display: -ms-flexbox;
    display: -webkit-flex;
    display: flex;
    -webkit-flex: 1 0 auto;
    -ms-flex: 1 0 auto;
    flex: 1 0 auto;
    color: blue;
    name: class;
    width: var(--class-wf93qd-1); }"
`;

exports[`babel plugin fs creates and writes to the css file when it does not exist 2`] = `
"
css(\\"class-wf93qd\\", [props => props.height * props.scale, widthVar]);"
`;

exports[`babel plugin fs does not write to the css file when it is the same as is already written 1`] = `
"
css(\\"class-wf93qd\\", [props => props.height * props.scale, widthVar]);"
`;

exports[`babel plugin fs writes to the css file when it does exist  1`] = `
"/* do not edit this file */
.class-wf93qd { margin: 12px 48px;
    color: #ffffff;
    height: var(--class-wf93qd-0);
    display: -webkit-box;
    display: -moz-box;
    display: -ms-flexbox;
    display: -webkit-flex;
    display: flex;
    -webkit-flex: 1 0 auto;
    -ms-flex: 1 0 auto;
    flex: 1 0 auto;
    color: blue;
    name: class;
    width: var(--class-wf93qd-1); }"
`;

exports[`babel plugin fs writes to the css file when it does exist  2`] = `
"
css(\\"class-wf93qd\\", [props => props.height * props.scale, widthVar]);"
`;
