// Jest Snapshot v1, https://goo.gl/fbAQLP

exports[`dudupe static sections 1`] = `
Array [
  "font-weight:bold",
  "font-weight:normal",
]
`;

exports[`extracts css into a css file 1`] = `
"/* do not edit this file */
.css-hwfcu5 { color: red }
.css-whatup-1xwk7zl { color: red; name: whatup; }
.css-1nd0lsp { color: red,; font-weight: var(--css-1nd0lsp-0) }
.css-gjw345 { color: red; font-weight: var(--css-gjw345-0);-webkit-flex: 1 0 0;-ms-flex: 1 0 0;flex: 1 0 0; }"
`;

exports[`generates readable classnames 1`] = `"css-whatup-1xwk7zl"`;

exports[`injects dynamic values into a sheet 1`] = `Array []`;

exports[`receives a class and array of var values 1`] = `
Array [
  "css-1nd0lsp",
  Array [
    "bold",
  ],
]
`;

exports[`requires css file corresponding to module 1`] = `
"/* do not edit this file */
.css-hwfcu5 { color: red }
.css-1nd0lsp { color: red,; font-weight: var(--css-1nd0lsp-0) }
.css-gjw345 { color: red; font-weight: var(--css-gjw345-0);-webkit-flex: 1 0 0;-ms-flex: 1 0 0;flex: 1 0 0; }"
`;

exports[`returns 2 classes for a dynamic string 1`] = `"css-1nd0lsp vars-1wb9cdj"`;

exports[`returns a class for a string 1`] = `"css-hwfcu5"`;
